[vlib/v/checker/tests/comptime_dump_fields_var_test.vv:13] val.$(field.name): c
[vlib/v/checker/tests/comptime_dump_fields_var_test.vv:13] val.$(field.name): d
[vlib/v/checker/tests/comptime_dump_fields_var_test.vv:13] val.$(field.name): 1
[vlib/v/checker/tests/comptime_dump_fields_var_test.vv:13] val.$(field.name): 0
[vlib/v/checker/tests/comptime_dump_fields_var_test.vv:13] val.$(field.name): struct {
    i: 100
}
ok
