generic error: the number of generic types of struct `main.Example` is inconsistent with the concrete types
