vlib/v/parser/tests/orm_no_error_handler.vv:8:7: error: V ORM returns a result, so it should have either an `or {}` block, or `!` at the end
    6 |     db := true
    7 | 
    8 |     _ := sql db {
      |          ~~~~~~~~
    9 |         select from User
   10 |     }
