3
1
2
4
255
256
2
4
131
4
1
2
3
5
4
4
[1, 5, 2, 3, 4]
5
4
5
[1, 5, 2, 3, 4]
[5, 2, 3, 4]
4
[5, 3, 4]
3
[5, 3]
2
[2.5, 3.25, 4.5, 5.75]
true
true
true
true
true
true
true
true
true
true
true
1
2
3
10000
234
0
1
0
1
3
[1, 3]
3
2
3
4
1
4
5
2
5
0
1
1.1
[1, 2, 3, 4]
[1, 5, 6, 2, 3, 4]
0
1
1
0
1
1.1
[1, 2, 3, 4]
[5, 6, 1, 2, 3, 4]
5
true
1.1
1.1
1.1
-123
-123
-123
123
123
123
1.1
1.1
1.1
1
2
1
2
1
abc
1
abc
0
abc
2
3
2
3
1
2
1
2
2
1
4
6
1
4
6
[4, 3, 2, 1]
true
true
true
true
true
true
true
0
[0, 0, 0, 0]
[0, 7, 0, 0]
0
[2, 4, 6, 8, 10, 12, 14, 16, 18, 20]
[2, 4, 6, 8, 10, 12, 14, 16, 18, 20]
[2, 4, 6, 8, 10]
2
[1, 2]
0
1
-1
0
3
-1
0
2
-1
1
2
-1
2
3
1
3
6
true
true
true
true
true
true
true
true
true
0
0
0
0
0
[2, 4, 6]
[is, awesome]
[2, 3, 4, 6, 8, 9, 10]
[4, 5, 6]
[5, 10]
[2, 4]
[2, 4]
[1, 2, 3, 4, 5, 6]
[v, is, awesome]
[0, 0, 0, 0, 0, 0]
0
[10, 20, 30, 40, 50, 60]
[1, 4, 9, 16, 25, 36]
[1, 2, 3, 4, 5, 6]
[false, true, false, true, false, true]
[V, IS, AWESOME]
[false, false, true]
[true, true, false]
[7, 7, 7]
[1, 4, 9, 16, 25, 36]
[3, 4, 5, 6, 7, 8]
[3, 9, 4, 6, 12, 7]
[]
[true, true, true, true, true, true]
[1a, 2a, 3a, 4a, 5a, 6a]
[2, 3, 4, 5, 6, 7]
[2, 3, 8]
[1v, 2is, 3awesome]
[1, 4, 9, 16, 25, 36]
[1, 25, 100]
[1, 2, 3, 4, 5, 6]
[v, is, awesome]
[2, 3, 4]
[2, 3, 4]
[3, 4, 5]
[2, 3, 4]
[1, 2, 3]
[1, 2, 3]
[[1, 2, 3], [4, 5, 6]]
true
true
true
true
true
true
true
true
true
true
true
true
true
true
true
true
true
true
true
true
true
true
true
true
true
true
true
true
[1, 3, 5, hi]
[-3, 7, 42, 67, 108]
[a, b, c, d, e, f]
0
1
79
[0, 1, 15, 27, 38, 50, 79]
[0, 1, 15, 27, 38, 50, 79]
3
[14, 2, 3]
test b
[true, false, true]
1,1
2,2
3,3
4,4
1,1
2,2
3,3
4,4
6
[2, 0, 2, 2]
[[1, 0, 0], [0, 0, 0]]
[[1, 0, 0], [1, 0, 0]]
[abc]
[0, 0, 0, 0]
[2, 2]
[1, 2, 3, 4]
[4, 3, 2, 1]
[c, b, a]
[[5, 6], [3, 4], [1, 2]]
5,5
4
1
xyz
def
abc
3
1
abc
a
3
4
def
a
11
33
[21, 24, 14, 20]
2
3
4
123
123
[[1, 2, 3]]
[[1, 2, 3]]
[[1, 2, 3]]
[[1, 2, 3]]
true
true
true
true
true
false
true
true
true
true
true
0
`exists`: true and `not exists`: false
[[], [], [], []]
[[], [], [123], []]
[{}, {}, {}, {}]
[{}, {}, {'123': 123}, {}]
Numbers { odds: [1, 3, 5] , evens: [2, 4] }
Numbers { odds: [3, 5, 7] , evens: [2, 6, 10] }
[[10, 10, 10], [10, 10, 10], [10, 10, 10]]
