> trace fn main()
> trace fn foo()
> trace fn bar()
> trace fn baz()
> trace fn (b Boo) call_1()
end
