[vlib/v/tests/inout/dump_shared_arg.vv:12] inst: &AtomicStruct{
    a: 1
}
