[Vweb] Running app on http://localhost:38090/
done
